[load]
[load] done

================================================================================
DIG 002a: Trigger operationalization: UCDP state-based fatality 5x YoY jumps per country
================================================================================

iso   fatal_jumps (year, fatalities, ratio)                                           
AGO   (no qualifying jumps)
MOZ   (2019, 291, 5.7x)
COL   (2018, 132, 5.7x)
IND   (no qualifying jumps)
TUR   (2015, 915, 83.2x)
BRA   (no qualifying jumps)
BFA   (no qualifying jumps)
MLI   (2012, 218, 9.9x)
NER   (2015, 368, 11.9x)
AFG   (no qualifying jumps)
ETH   (2009, 515, 10.3x), (2020, 20,916, 312.2x), (2021, 124,553, 6.0x)
MMR   (2021, 1,073, 5.4x)
SLV   (no qualifying jumps)
HTI   (no qualifying jumps)
CAF   (2013, 417, 7.1x), (2021, 906, 11.6x)
PAK   (no qualifying jumps)
BEN   (no qualifying jumps)

================================================================================
DIG 002b: Watch-list year-by-year libdem 2014-2024
================================================================================

iso     2014   2015   2016   2017   2018   2019   2020   2021   2022   2023   2024
AGO    0.122  0.122  0.123  0.139  0.161  0.162  0.160  0.151  0.153  0.154  0.161
MOZ    0.299  0.299  0.292  0.275  0.264  0.255  0.238  0.244  0.240  0.224  0.189
COL    0.545  0.551  0.547  0.548  0.533  0.511  0.496  0.499  0.561  0.570  0.554
IND    0.488  0.417  0.406  0.371  0.363  0.324  0.292  0.307  0.291  0.273  0.281
TUR    0.252  0.230  0.143  0.101  0.104  0.107  0.115  0.113  0.110  0.108  0.109
BRA    0.783  0.769  0.653  0.641  0.608  0.528  0.534  0.531  0.540  0.695  0.712
PAK    0.283  0.264  0.258  0.257  0.250  0.233  0.253  0.248  0.227  0.205  0.193

================================================================================
DIG 003a: Regime 6 EQ-dominant expansion test
================================================================================

iso   regime                               total  flood%  storm%    eq%  drght%
NPL   6_EARTHQUAKE_DOMINANT            3,913,016   26.9%    0.6%  71.1%    0.0%
CHL   6_EARTHQUAKE_DOMINANT            4,185,661    1.3%    0.9%  95.4%    0.0%
MEX   4_MIXED                          2,734,205   50.0%   42.1%   7.4%    0.0%
IDN   4_MIXED                          8,582,905   58.7%    2.2%  27.6%    0.0%
JPN   4_MIXED                          4,778,142   10.8%   64.5%  16.2%    0.0%
NZL   INSUFFICIENT                        41,816
ECU   6_EARTHQUAKE_DOMINANT              361,244   20.1%    0.1%  77.8%    0.0%
PER   4_MIXED                            928,259   88.3%    4.8%   3.3%    0.0%
TUR   6_EARTHQUAKE_DOMINANT            4,468,840    0.7%    0.0%  97.1%    0.0%
GRC   4_MIXED                            290,731    1.8%   10.0%   6.1%    0.0%
AFG   4_MIXED                          2,550,525   58.2%    0.2%  23.8%   16.4%
ITA   6_EARTHQUAKE_DOMINANT              198,802   12.0%   21.9%  60.0%    0.0%
PHL   3_STORM_DOMINANT                71,171,860   14.3%   82.1%   2.4%    0.0%

================================================================================
DIG 003b: USA / PHL / CUB year-by-year storm displacement (find Katrina/Sandy/Harvey/Ian-scale events)
================================================================================

USA storm-displacement annual:
   2008:  1,958,000  *** mega-storm
   2011:     42,770
   2012:    856,138
   2013:     16,092
   2014:      3,190
   2015:     12,721
   2016:    880,536
   2017:  1,054,687  *** mega-storm
   2018:    844,182
   2019:    471,803
   2020:    628,461
   2021:    309,172
   2022:    421,175
   2023:    158,346
   2024: 10,244,633  *** mega-storm
   max/median: 21.7x; mega-years: 3

PHL storm-displacement annual:
   2008:  2,107,440  *** mega-storm
   2009:  1,796,900  *** mega-storm
   2010:    287,000
   2011:  1,693,000  *** mega-storm
   2012:  2,118,000  *** mega-storm
   2013:  6,657,195  *** mega-storm
   2014:  5,726,500  *** mega-storm
   2015:  2,216,820  *** mega-storm
   2016:  5,304,300  *** mega-storm
   2017:  1,449,959  *** mega-storm
   2018:  3,431,693  *** mega-storm
   2019:  3,106,034  *** mega-storm
   2020:  3,874,710  *** mega-storm
   2021:  5,212,388  *** mega-storm
   2022:  4,619,637  *** mega-storm
   2023:  1,105,201  *** mega-storm
   2024:  7,744,797  *** mega-storm
   max/median: 2.5x; mega-years: 16

CUB storm-displacement annual:
   2008:  2,710,000  *** mega-storm
   2012:    351,500
   2016:  1,079,000  *** mega-storm
   2017:  1,738,000  *** mega-storm
   2018:     52,820
   2019:      9,900
   2020:    639,003
   2021:    194,000
   2022:     80,000
   2023:     13,000
   2024:    480,030
   max/median: 7.7x; mega-years: 3

================================================================================
DIG 004a: BRA year-by-year 3-channel — which years drive conf-drought 0.697?
================================================================================
 year    conf    flood  drought
 2008     0.0 284400.0      0.0
 2009     0.0 522500.0      0.0
 2010     0.0 230000.0      0.0
 2011     0.0 169500.0      0.0
 2012     0.0      0.0      0.0
 2013     0.0  81700.0      0.0
 2014     0.0 149900.0      0.0
 2015     0.0  58500.0      0.0
 2016     0.0  14000.0      0.0
 2017     0.0  70500.0      0.0
 2018     0.0  61560.0   2400.0
 2019     0.0 249470.0   6160.0
 2020     0.0 133000.0     83.0
 2021 21000.0 181000.0   1200.0
 2022  5600.0 248051.0    710.0
 2023 16000.0 201627.0  31893.0
 2024 19000.0 844186.0  35247.0

BRA Spearman: conf-drought = 0.697

================================================================================
DIG 004b: Extended 3-channel test — which countries have meaningful drought data?
================================================================================

iso    conf_years   flood_yrs  drought_yrs   rho(CF)   rho(CD)   rho(FD)
AGO             0          15            1    (insufficient drought variance)
MOZ             9          14            0    (insufficient drought variance)
COL            16          16            1    (insufficient drought variance)
IND            16          17            1    (insufficient drought variance)
TUR             3          10            0    (insufficient drought variance)
BRA             4          16            7     0.415     0.697     0.386 ***CD
HTI             6          11            0    (insufficient drought variance)
DOM             0          10            0    (insufficient drought variance)
CUB             0           5            0    (insufficient drought variance)
USA             0          16            0    (insufficient drought variance)
FJI             0           7            0    (insufficient drought variance)
VUT             0           1            0    (insufficient drought variance)
SLB             2           5            0    (insufficient drought variance)
PHL            16          17            1    (insufficient drought variance)
SOM            16          13            8     0.260     0.786     0.413 ***CD
SDN            16          17            0    (insufficient drought variance)
PAK            14          17            1    (insufficient drought variance)
BFA             9          12            0    (insufficient drought variance)
NER            10          17            0    (insufficient drought variance)
KEN            12          17            2    (insufficient drought variance)
ETH            14          15            8     0.691     0.830     0.582 ***CD ***CF ***FD
AFG            14          17            5     0.032     0.062     0.301
HUN             0           4            0    (insufficient drought variance)
VEN             0          12            0    (insufficient drought variance)
RUS             3          14            0    (insufficient drought variance)
UKR            11           7            0    (insufficient drought variance)
COD            16          16            0    (insufficient drought variance)
CAF            16          14            0    (insufficient drought variance)
MEX            14          15            0    (insufficient drought variance)
NPL             2          14            0    (insufficient drought variance)

================================================================================
DIG 005a: Bukelization sliding 10-year windows — find best-fit window for each
================================================================================

HUN: 4 fitting 10y windows
   2007-2017: 0.765 -> 0.432, delta=-0.333, mono=True, up-yrs=0
   2008-2018: 0.766 -> 0.373, delta=-0.393, mono=True, up-yrs=0
   2009-2019: 0.766 -> 0.364, delta=-0.402, mono=True, up-yrs=0
   2010-2020: 0.677 -> 0.351, delta=-0.326, mono=True, up-yrs=0

TUR: 3 fitting 10y windows
   2006-2016: 0.483 -> 0.143, delta=-0.340, mono=True, up-yrs=0
   2007-2017: 0.461 -> 0.101, delta=-0.360, mono=True, up-yrs=0
   2008-2018: 0.411 -> 0.104, delta=-0.307, mono=True, up-yrs=0

VEN: 8 fitting 10y windows
   1991-2001: 0.618 -> 0.288, delta=-0.330, mono=True, up-yrs=0
   1992-2002: 0.609 -> 0.255, delta=-0.354, mono=True, up-yrs=0
   1993-2003: 0.614 -> 0.243, delta=-0.371, mono=True, up-yrs=0
   1994-2004: 0.602 -> 0.216, delta=-0.386, mono=True, up-yrs=0
   1995-2005: 0.604 -> 0.182, delta=-0.422, mono=True, up-yrs=0
   1996-2006: 0.604 -> 0.168, delta=-0.436, mono=True, up-yrs=0
   1997-2007: 0.603 -> 0.162, delta=-0.441, mono=True, up-yrs=0
   1998-2008: 0.575 -> 0.159, delta=-0.416, mono=True, up-yrs=0

RUS: NO FITTING 10y windows (no Bukelization signature)

IND: NO FITTING 10y windows (no Bukelization signature)

BRA: NO FITTING 10y windows (no Bukelization signature)

USA: NO FITTING 10y windows (no Bukelization signature)

SLV: 4 fitting 10y windows
   2012-2022: 0.429 -> 0.118, delta=-0.311, mono=True, up-yrs=1
   2013-2023: 0.437 -> 0.106, delta=-0.331, mono=True, up-yrs=1
   2014-2024: 0.465 -> 0.090, delta=-0.375, mono=True, up-yrs=0
   2015-2025: 0.462 -> 0.090, delta=-0.372, mono=True, up-yrs=0

POL: 6 fitting 10y windows
   2008-2018: 0.825 -> 0.524, delta=-0.301, mono=True, up-yrs=0
   2009-2019: 0.825 -> 0.505, delta=-0.320, mono=True, up-yrs=0
   2010-2020: 0.827 -> 0.450, delta=-0.377, mono=True, up-yrs=0
   2011-2021: 0.827 -> 0.424, delta=-0.403, mono=True, up-yrs=0
   2012-2022: 0.825 -> 0.417, delta=-0.408, mono=True, up-yrs=0
   2013-2023: 0.821 -> 0.457, delta=-0.364, mono=True, up-yrs=1

================================================================================
DIG 005b: IND full libdem trajectory 2000-2024 + monotonicity check
================================================================================
  year  libdem
2000.0   0.584
2001.0   0.584
2002.0   0.587
2003.0   0.583
2004.0   0.578
2005.0   0.573
2006.0   0.569
2007.0   0.569
2008.0   0.569
2009.0   0.539
2010.0   0.532
2011.0   0.532
2012.0   0.525
2013.0   0.522
2014.0   0.488
2015.0   0.417
2016.0   0.406
2017.0   0.371
2018.0   0.363
2019.0   0.324
2020.0   0.292
2021.0   0.307
2022.0   0.291
2023.0   0.273
2024.0   0.281
2025.0   0.260

Monotonicity (10-year tail 2014-2024): YoY changes
   2014: 0.488 (-0.034) down
   2015: 0.417 (-0.071) down
   2016: 0.406 (-0.011) down
   2017: 0.371 (-0.035) down
   2018: 0.363 (-0.008) down
   2019: 0.324 (-0.039) down
   2020: 0.292 (-0.032) down
   2021: 0.307 (+0.015) up
   2022: 0.291 (-0.016) down
   2023: 0.273 (-0.018) down
   2024: 0.281 (+0.008) up
   2025: 0.260 (-0.021) down

================================================================================
DIG 005c: USA / DEU / GBR / FRA 10-year sliding windows (negative-control check)
================================================================================
USA: NO fitting windows (consistent with negative-control prediction)
DEU: NO fitting windows (consistent with negative-control prediction)
GBR: NO fitting windows (consistent with negative-control prediction)
FRA: NO fitting windows (consistent with negative-control prediction)
CAN: NO fitting windows (consistent with negative-control prediction)
NLD: NO fitting windows (consistent with negative-control prediction)
JPN: NO fitting windows (consistent with negative-control prediction)

================================================================================
DEEP DIG COMPLETE
================================================================================
