
================================================================================
P1-E: Recovery-Mechanism Asymmetry — sub-indicator recovery fractions per case
================================================================================

--- POL Tusk recovery ---
subindicator                                base  trough   recov   frac_rec      Δ/yr
libdem aggregate                           0.825   0.417   0.645     55.88%   +0.0760
judicial constraints                       0.961   0.564   0.714     37.78%   +0.0500
free expression + alt info                 0.971   0.606   0.917     85.21%   +0.1037
elections free + fair                      2.324   0.162   1.035     40.38%   +0.2910
high court independence                    2.534  -0.433   1.498     65.08%   +0.6437
media censorship (HIGHER = less censorsh   2.886  -0.331   2.144     76.94%   +0.8250
civil society entry/exit                   1.820   1.032   1.468     55.33%   +0.1453
opposition party autonomy                  2.615   2.326   1.925   -138.75%   -0.1337
horizontal accountability                  1.424   0.609   1.342     89.94%   +0.2443
diagonal accountability                    1.636   0.608   1.391     76.17%   +0.2610
vertical accountability                    1.644   0.888   1.187     39.55%   +0.0997

--- BRA Lula recovery ---
subindicator                                base  trough   recov   frac_rec      Δ/yr
libdem aggregate                           0.783   0.528   0.704     69.02%   +0.0293
judicial constraints                       0.927   0.806   0.954    122.31%   +0.0247
free expression + alt info                 0.934   0.728   0.910     88.35%   +0.0303
elections free + fair                      2.751   1.143   1.251      6.72%   +0.0180
high court independence                    2.020   1.394   2.036    102.56%   +0.1070
media censorship (HIGHER = less censorsh   2.833   0.516   2.958    105.39%   +0.4070
civil society entry/exit                   2.468   1.576   1.469    -12.00%   -0.0178
opposition party autonomy                  2.982   2.467   2.585     22.91%   +0.0197
horizontal accountability                  1.328   0.657   1.410    112.22%   +0.1255
diagonal accountability                    1.605   0.854   1.401     72.84%   +0.0912
vertical accountability                    1.620   1.245   1.280      9.33%   +0.0058

--- KOR Yoon-impeachment recovery ---
subindicator                                base  trough   recov   frac_rec      Δ/yr
libdem aggregate                           0.794   0.620   0.739     68.39%   +0.0595
judicial constraints                       0.900   0.822   0.872     64.10%   +0.0250
free expression + alt info                 0.951   0.782   0.933     89.35%   +0.0755
elections free + fair                      2.240   2.170   1.854   -451.43%   -0.1580
high court independence                    0.975   1.052   1.493      NA      +0.2205
media censorship (HIGHER = less censorsh   2.371   0.783   1.867     68.26%   +0.5420
civil society entry/exit                   1.757   1.229   1.576     65.72%   +0.1735
opposition party autonomy                  2.757   2.757   2.757      NA      +0.0000
horizontal accountability                  1.773   1.182   1.643     78.00%   +0.2305
diagonal accountability                    1.509   0.970   1.425     84.42%   +0.2275
vertical accountability                    1.534   1.403   1.408      3.82%   +0.0025

--- BGD Hasina-Yunus transition ---
subindicator                                base  trough   recov   frac_rec      Δ/yr
libdem aggregate                           0.105   0.097   0.116    237.50%   +0.0190
judicial constraints                       0.381   0.309   0.432    170.83%   +0.1230
free expression + alt info                 0.594   0.444   0.527     55.33%   +0.0830
elections free + fair                      (insufficient data or no decline)
high court independence                   -0.079  -2.320  -1.735     26.10%   +0.5850
media censorship (HIGHER = less censorsh   0.313  -0.065   0.614    179.63%   +0.6790
civil society entry/exit                   0.732   0.705   0.842    507.41%   +0.1370
opposition party autonomy                  1.448   0.482   0.499      1.76%   +0.0170
horizontal accountability                 -0.290  -0.876  -0.440     74.40%   +0.4360
diagonal accountability                    0.232   0.097   0.376    206.67%   +0.2790
vertical accountability                    0.573  -0.137  -0.756    -87.18%   -0.6190

--- Sri Lanka Sirisena 2015 ---
subindicator                                base  trough   recov   frac_rec      Δ/yr
libdem aggregate                           0.278   0.267   0.481   1945.45%   +0.0535
judicial constraints                       0.719   0.659   0.877    363.33%   +0.0545
free expression + alt info                 0.505   0.551   0.820      NA      +0.0672
elections free + fair                     -0.105  -0.099   0.626      NA      +0.1812
high court independence                    0.651   0.087   1.631    273.76%   +0.3860
media censorship (HIGHER = less censorsh  -1.523  -0.804   0.729      NA      +0.3832
civil society entry/exit                  -0.360  -0.407   1.791   4676.60%   +0.5495
opposition party autonomy                  1.938   1.938   1.909      NA      -0.0072
horizontal accountability                  0.009  -0.045   0.594   1183.33%   +0.1598
diagonal accountability                   -0.061   0.013   1.028      NA      +0.2538
vertical accountability                    0.671   0.631   0.835    510.00%   +0.0510

--- KOR 1987 transition (historical) ---
subindicator                                base  trough   recov   frac_rec      Δ/yr
libdem aggregate                           0.148   0.219   0.512      NA      +0.0586
judicial constraints                       0.253   0.500   0.835      NA      +0.0670
free expression + alt info                 0.368   0.518   0.837      NA      +0.0638
elections free + fair                     -0.395   1.160   1.643      NA      +0.0966
high court independence                   -1.676  -0.939   0.594      NA      +0.3066
media censorship (HIGHER = less censorsh  -0.722   0.268   1.420      NA      +0.2304
civil society entry/exit                  -0.545   0.095   1.096      NA      +0.2002
opposition party autonomy                  0.769   0.986   2.065      NA      +0.2158
horizontal accountability                 -1.248  -1.142   0.405      NA      +0.3094
diagonal accountability                   -0.327   0.101   0.815      NA      +0.1428
vertical accountability                    0.399   0.869   1.043      NA      +0.0348

--- Indonesia 1998 transition ---
subindicator                                base  trough   recov   frac_rec      Δ/yr
libdem aggregate                           0.051   0.117   0.534      NA      +0.0596
judicial constraints                       0.053   0.066   0.740      NA      +0.0963
free expression + alt info                 0.229   0.538   0.848      NA      +0.0443
elections free + fair                     -2.121  -1.347   2.142      NA      +0.4984
high court independence                   -2.422  -2.422   1.113      NA      +0.5050
media censorship (HIGHER = less censorsh  -1.674   0.130   1.769      NA      +0.2341
civil society entry/exit                  -0.543   0.547   1.600      NA      +0.1504
opposition party autonomy                 -2.028  -0.839   1.904      NA      +0.3919
horizontal accountability                 -1.578  -0.522   0.802      NA      +0.1891
diagonal accountability                   -0.543   0.191   1.126      NA      +0.1336
vertical accountability                   -0.174   0.098   1.360      NA      +0.1803

================================================================================
Cross-case aggregation: median recovery fraction by sub-indicator
================================================================================

(Higher fraction = faster/more complete recovery; 1.0 = fully back to baseline; 0 = no recovery; negative = continued decline)

subindicator                              n_cases  median_frac     min     max  case-by-case
judicial constraints                            5     122.31%   +0.38   +3.63  POL Tusk=0.38, BRA Lula=1.22, KOR Yoon=0.64, BGD Hasi=1.71, Sri Lank=3.63
media censorship (HIGHER = less censorsh        4      91.16%   +0.68   +1.80  POL Tusk=0.77, BRA Lula=1.05, KOR Yoon=0.68, BGD Hasi=1.80
horizontal accountability                       5      89.94%   +0.74  +11.83  POL Tusk=0.90, BRA Lula=1.12, KOR Yoon=0.78, BGD Hasi=0.74, Sri Lank=11.83
free expression + alt info                      4      86.78%   +0.55   +0.89  POL Tusk=0.85, BRA Lula=0.88, KOR Yoon=0.89, BGD Hasi=0.55
high court independence                         4      83.82%   +0.26   +2.74  POL Tusk=0.65, BRA Lula=1.03, BGD Hasi=0.26, Sri Lank=2.74
diagonal accountability                         4      80.29%   +0.73   +2.07  POL Tusk=0.76, BRA Lula=0.73, KOR Yoon=0.84, BGD Hasi=2.07
libdem aggregate                                5      69.02%   +0.56  +19.45  POL Tusk=0.56, BRA Lula=0.69, KOR Yoon=0.68, BGD Hasi=2.38, Sri Lank=19.45
civil society entry/exit                        5      65.72%   -0.12  +46.77  POL Tusk=0.55, BRA Lula=-0.12, KOR Yoon=0.66, BGD Hasi=5.07, Sri Lank=46.77
vertical accountability                         5       9.33%   -0.87   +5.10  POL Tusk=0.40, BRA Lula=0.09, KOR Yoon=0.04, BGD Hasi=-0.87, Sri Lank=5.10
elections free + fair                           3       6.72%   -4.51   +0.40  POL Tusk=0.40, BRA Lula=0.07, KOR Yoon=-4.51
opposition party autonomy                       3       1.76%   -1.39   +0.23  POL Tusk=-1.39, BRA Lula=0.23, BGD Hasi=0.02

================================================================================
P1-C: Elections-free-fair as RECOVERY BELLWETHER hypothesis
================================================================================

For each case, compare v2elfrfair recovery fraction vs other sub-indicators:

case                                  el_ff_frac    other_avg      el_ff rank
POL Tusk recovery                        40.38%      43.03% rank 7/10 
BRA Lula recovery                         6.72%      69.32% rank 9/10 
KOR Yoon-impeachment recovery          -451.43%      64.81% rank 8/8 LAST

================================================================================
Recovery-order summary across cases
================================================================================

Sub-indicators sorted by median recovery fraction (FAST → SLOW):
  1. judicial constraints                               median = 122.31%  (n=5)  ★ FAST RECOVERY
  2. media censorship (HIGHER = less censorship)        median = 91.16%  (n=4)  ★ FAST RECOVERY
  3. horizontal accountability                          median = 89.94%  (n=5)  ★ FAST RECOVERY
  4. free expression + alt info                         median = 86.78%  (n=4)  
  5. high court independence                            median = 83.82%  (n=4)  
  6. diagonal accountability                            median = 80.29%  (n=4)  
  7. libdem aggregate                                   median = 69.02%  (n=5)  
  8. civil society entry/exit                           median = 65.72%  (n=5)  
  9. vertical accountability                            median =  9.33%  (n=5)  ⚠ SLOW RECOVERY
  10. elections free + fair                              median =  6.72%  (n=3)  ⚠ SLOW RECOVERY
  11. opposition party autonomy                          median =  1.76%  (n=3)  ⚠ SLOW RECOVERY

================================================================================
P1-E + P1-C COMPLETE
================================================================================
