[hadisst] parsing files ...
[hadisst] HadISST1_SST_1870-1900.txt.gz: parsed 372 month grids
[hadisst] HadISST1_SST_1901-1930.txt.gz: parsed 360 month grids
[hadisst] HadISST1_SST_1931-1960.txt.gz: parsed 360 month grids
[hadisst] HadISST1_SST_1961-1990.txt.gz: parsed 360 month grids
[hadisst] HadISST1_SST_1991-2003.txt.gz: parsed 156 month grids
[hadisst] HadISST1_SST_2004.txt.gz: parsed 12 month grids
[hadisst] HadISST1_SST_2005.txt.gz: parsed 12 month grids
[hadisst] HadISST1_SST_2006.txt.gz: parsed 12 month grids
[hadisst] HadISST1_SST_2007.txt.gz: parsed 12 month grids
[hadisst] HadISST1_SST_2008.txt.gz: parsed 12 month grids
[hadisst] HadISST1_SST_2009.txt.gz: parsed 12 month grids
[hadisst] HadISST1_SST_2010.txt.gz: parsed 12 month grids
[hadisst] HadISST1_SST_2011.txt.gz: parsed 12 month grids
[hadisst] HadISST1_SST_2012.txt.gz: parsed 12 month grids
[hadisst] HadISST1_SST_2013.txt.gz: parsed 12 month grids
[hadisst] HadISST1_SST_2014.txt.gz: parsed 12 month grids
[hadisst] HadISST1_SST_2015.txt.gz: parsed 12 month grids
[hadisst] HadISST1_SST_2016.txt.gz: parsed 12 month grids
[hadisst] HadISST1_SST_2017.txt.gz: parsed 12 month grids
[hadisst] HadISST1_SST_2018.txt.gz: parsed 12 month grids
[hadisst] HadISST1_SST_2019.txt.gz: parsed 12 month grids
[hadisst] HadISST1_SST_2020.txt.gz: parsed 12 month grids
[hadisst] HadISST1_SST_2021.txt.gz: parsed 12 month grids
[hadisst] HadISST1_SST_2022.txt.gz: parsed 12 month grids
[hadisst] HadISST1_SST_2023.txt.gz: parsed 12 month grids
[hadisst] HadISST1_SST_2024.txt.gz: parsed 12 month grids
[hadisst] HadISST1_SST_2025.txt.gz: parsed 12 month grids
[hadisst] total months: 1872 | year range 1870-2025
[hadisst] Aug-Oct annual: 156 years
[hurdat] parsing hurdat2-atlantic-1851-2025.txt ...
[hurdat] ACE years: 175 | sample 2017 = 224.87750000000023
[panel] cols = ['ISO3', 'Year', 'Hazard Type', 'idp', 'affected', 'ratio', 'regime']
[done] wrote D:\IDP\analysis\paper2_hadisst_hurdat_2026_05_27.json
