
================================================================================
CROSS-COUNTRY ANALYSIS (PRE_REG_007 Prediction A)
================================================================================

iso        window  libdem_start  libdem_end    delta   emig_total        pop_avg   emig_pct
SLV  2019-2024          0.393       0.090   -0.303       30,446        6273484      0.49%
HUN  2010-2024          0.677       0.325   -0.352       -1,413        9756307     -0.01%
TUR  2003-2024          0.498       0.109   -0.389      104,248       76821440      0.14%
VEN  1999-2024          0.440       0.046   -0.394    1,729,656       28052489      6.17%
POL  2015-2023          0.775       0.457   -0.318          285       37541995      0.00%
TUN  2019-2024          0.632       0.271   -0.361       10,272       12082439      0.09%
BLR  1994-2024          0.404       0.036   -0.368       30,454        9635903      0.32%
IND  2014-2024          0.488       0.281   -0.207      215,107     1385349359      0.02%
USA  2017-2024          0.749       0.751   +0.002        3,907      332497054      0.00%
SRB  2012-2024          0.486       0.225   -0.261     -138,005        6939215     -1.99%

================================================================================
CROSS-COUNTRY CORRELATION (n=10 with USA + SRB included)
================================================================================

n = 10
Countries: ['SLV', 'HUN', 'TUR', 'VEN', 'POL', 'TUN', 'BLR', 'IND', 'USA', 'SRB']

Pearson r (libdem_delta, emig_pct) = -0.318  (p=0.3702)
Spearman ρ (libdem_delta, emig_pct) = -0.564  (p=0.0897)

Expected sign: NEGATIVE (more emigration → more libdem decline)

================================================================================
SENSITIVITY TEST — VEN removed
================================================================================

n = 9 (VEN excluded)
Pearson r = -0.141  (p=0.7166)
Spearman ρ = -0.400  (p=0.2861)

================================================================================
WITHIN-COUNTRY LAGGED CORRELATION (PRE_REG_007 Prediction B)
================================================================================

For each case, test ρ(emig_t, libdem_decline_{t+1}) at annual level during consolidation window

iso  years   mean_emig_yoy   rho(emig_t, lib_dec_t+1)
SLV      5           5,895                     -0.800
HUN     14            -122                      0.007
TUR     21           4,363                     -0.184
VEN     25          64,469                     -0.517
POL      8              45                     -0.619
TUN      5           1,814                     -0.300
BLR     30             926                     -0.395
IND     10          15,644                     -0.491
USA      7             129                      0.107
SRB     12         -12,723                      0.392

================================================================================
VEN DEEP-DIVE (anchor case for cross-country correlation)
================================================================================

 year  libdem   emig_stock
 1999   0.440          554
 2000   0.310          641
 2001   0.288          798
 2002   0.255        1,304
 2003   0.243        2,614
 2004   0.216        3,933
 2005   0.182        5,397
 2006   0.168        6,188
 2007   0.162        6,840
 2008   0.159        7,319
 2009   0.160        7,787
 2010   0.154        7,323
 2011   0.152        8,145
 2012   0.145        8,700
 2013   0.109        9,550
 2014   0.102       12,831
 2015   0.103       22,542
 2016   0.118       52,617
 2017   0.082      157,368
 2018   0.061      485,270
 2019   0.060      887,730
 2020   0.056    1,022,377
 2021   0.056    1,170,308
 2022   0.054    1,367,555
 2023   0.053    1,547,825
 2024   0.046    1,730,210

================================================================================
POL REVERSE BRAIN DRAIN CHECK (PRE_REG_007 Prediction C)
================================================================================

 year  libdem   emig_stock
 2015   0.775        1,697
 2016   0.598        1,724
 2017   0.542        1,907
 2018   0.524        1,997
 2019   0.505        1,977
 2020   0.450        1,962
 2021   0.424        1,943
 2022   0.417        2,015
 2023   0.457        1,982
 2024   0.613        2,604

================================================================================
PRE_REG_007 FIT COMPLETE
================================================================================
